
> cale-shiftnow@0.1.0 build
> next build

Γû▓ Next.js 16.2.6 (Turbopack)

  Creating an optimized production build ...
Γ£ô Compiled successfully in 2.5s
  Running TypeScript ...
  Finished TypeScript in 8.4s ...
  Collecting page data using 15 workers ...
  Generating static pages using 15 workers (0/28) ...
  Generating static pages using 15 workers (7/28) 
  Generating static pages using 15 workers (14/28) 
  Generating static pages using 15 workers (21/28) 
Γ£ô Generating static pages using 15 workers (28/28) in 340ms
  Finalizing page optimization ...

Route (app)
Γöî Γùï /
Γö£ Γùï /_not-found
Γö£ Γùï /about
Γö£ Γùï /admin/dashboard
Γö£ Γùï /disputes
Γö£ Γùï /employer/dashboard
Γö£ Γùï /employer/payments
Γö£ Γùï /employer/profile
Γö£ Γùï /employer/reviews
Γö£ Γùï /employer/schedule
Γö£ ╞Æ /employer/shifts/[id]
Γö£ Γùï /employer/shifts/new
Γö£ Γùï /faq
Γö£ Γùï /how-it-works
Γö£ Γùï /login
Γö£ Γùï /privacy
Γö£ Γùï /register
Γö£ Γùï /safety
Γö£ Γùï /shifts
Γö£ ╞Æ /shifts/[id]
Γö£ Γùï /support
Γö£ Γùï /terms
Γö£ Γùï /user-guide
Γö£ Γùï /worker/cancellation-policy
Γö£ Γùï /worker/dashboard
Γö£ Γùï /worker/profile
Γö£ Γùï /worker/reputation-guide
Γöö Γùï /worker/schedule


Γùï  (Static)   prerendered as static content
╞Æ  (Dynamic)  server-rendered on demand

