
Running 1 test using 1 worker

[1A[2K[1/1] [chromium] ΓÇ║ e2e\21-core-stability-7.spec.ts:26:7 ΓÇ║ Part 1: wallet top-up notification + deeplink ΓÇ║ worker top-up creates a notification that deeplinks to wallet history
[1A[2K  1) [chromium] ΓÇ║ e2e\21-core-stability-7.spec.ts:26:7 ΓÇ║ Part 1: wallet top-up notification + deeplink ΓÇ║ worker top-up creates a notification that deeplinks to wallet history 

    Error: locator.click: Error: strict mode violation: getByRole('button', { name: 'Th├┤ng b├ío' }) resolved to 2 elements:
        1) <button aria-expanded="false" aria-label="Th├┤ng b├ío" class="relative flex min-h-[44px] min-w-[44px] items-center justify-center rounded-lg text-gray-600 hover:bg-gray-100 hover:text-gray-900 focus:outline-none focus-visible:ring-2 focus-visible:ring-orange-400">ΓÇª</button> aka getByRole('button', { name: 'Th├┤ng b├ío', exact: true })
        2) <button aria-label="─É├│ng th├┤ng b├ío" class="ml-1 inline-flex h-7 w-7 shrink-0 items-center justify-center self-start rounded-md text-gray-400 transition-colors hover:bg-gray-100 hover:text-gray-600 focus:outline-none focus-visible:ring-2 focus-visible:ring-orange-400">ΓÇª</button> aka getByRole('button', { name: '─É├│ng th├┤ng b├ío' })

    Call log:
    [2m  - waiting for getByRole('button', { name: 'Th├┤ng b├ío' })[22m


      43 |
      44 |     // A top-up notification appears in the bell.
    > 45 |     await page.getByRole('button', { name: 'Th├┤ng b├ío' }).click();
         |                                                           ^
      46 |     const bell = page.getByRole('dialog', { name: 'Th├┤ng b├ío' });
      47 |     await expect(bell.getByText('Nß║íp tiß╗ün v├áo v├¡').first()).toBeVisible();
      48 |
        at D:\Web - App Ca Le\Web\e2e\21-core-stability-7.spec.ts:45:59

    attachment #1: screenshot (image/png) ΓöÇΓöÇΓöÇΓöÇΓöÇΓöÇΓöÇΓöÇΓöÇΓöÇΓöÇΓöÇΓöÇΓöÇΓöÇΓöÇΓöÇΓöÇΓöÇΓöÇΓöÇΓöÇΓöÇΓöÇΓöÇΓöÇΓöÇΓöÇΓöÇΓöÇΓöÇΓöÇΓöÇΓöÇΓöÇΓöÇΓöÇΓöÇΓöÇΓöÇΓöÇΓöÇΓöÇΓöÇΓöÇΓöÇΓöÇΓöÇΓöÇΓöÇΓöÇΓöÇΓöÇΓöÇΓöÇΓöÇΓöÇΓöÇ
    test-results\21-core-stability-7-Part-1-b6f20-deeplinks-to-wallet-history-chromium\test-failed-1.png
    ΓöÇΓöÇΓöÇΓöÇΓöÇΓöÇΓöÇΓöÇΓöÇΓöÇΓöÇΓöÇΓöÇΓöÇΓöÇΓöÇΓöÇΓöÇΓöÇΓöÇΓöÇΓöÇΓöÇΓöÇΓöÇΓöÇΓöÇΓöÇΓöÇΓöÇΓöÇΓöÇΓöÇΓöÇΓöÇΓöÇΓöÇΓöÇΓöÇΓöÇΓöÇΓöÇΓöÇΓöÇΓöÇΓöÇΓöÇΓöÇΓöÇΓöÇΓöÇΓöÇΓöÇΓöÇΓöÇΓöÇΓöÇΓöÇΓöÇΓöÇΓöÇΓöÇΓöÇΓöÇΓöÇΓöÇΓöÇΓöÇΓöÇΓöÇΓöÇΓöÇΓöÇΓöÇΓöÇΓöÇΓöÇΓöÇΓöÇΓöÇΓöÇΓöÇΓöÇΓöÇΓöÇΓöÇΓöÇΓöÇΓöÇΓöÇΓöÇΓöÇΓöÇΓöÇΓöÇΓöÇ

    attachment #2: video (video/webm) ΓöÇΓöÇΓöÇΓöÇΓöÇΓöÇΓöÇΓöÇΓöÇΓöÇΓöÇΓöÇΓöÇΓöÇΓöÇΓöÇΓöÇΓöÇΓöÇΓöÇΓöÇΓöÇΓöÇΓöÇΓöÇΓöÇΓöÇΓöÇΓöÇΓöÇΓöÇΓöÇΓöÇΓöÇΓöÇΓöÇΓöÇΓöÇΓöÇΓöÇΓöÇΓöÇΓöÇΓöÇΓöÇΓöÇΓöÇΓöÇΓöÇΓöÇΓöÇΓöÇΓöÇΓöÇΓöÇΓöÇΓöÇΓöÇΓöÇΓöÇΓöÇΓöÇ
    test-results\21-core-stability-7-Part-1-b6f20-deeplinks-to-wallet-history-chromium\video.webm
    ΓöÇΓöÇΓöÇΓöÇΓöÇΓöÇΓöÇΓöÇΓöÇΓöÇΓöÇΓöÇΓöÇΓöÇΓöÇΓöÇΓöÇΓöÇΓöÇΓöÇΓöÇΓöÇΓöÇΓöÇΓöÇΓöÇΓöÇΓöÇΓöÇΓöÇΓöÇΓöÇΓöÇΓöÇΓöÇΓöÇΓöÇΓöÇΓöÇΓöÇΓöÇΓöÇΓöÇΓöÇΓöÇΓöÇΓöÇΓöÇΓöÇΓöÇΓöÇΓöÇΓöÇΓöÇΓöÇΓöÇΓöÇΓöÇΓöÇΓöÇΓöÇΓöÇΓöÇΓöÇΓöÇΓöÇΓöÇΓöÇΓöÇΓöÇΓöÇΓöÇΓöÇΓöÇΓöÇΓöÇΓöÇΓöÇΓöÇΓöÇΓöÇΓöÇΓöÇΓöÇΓöÇΓöÇΓöÇΓöÇΓöÇΓöÇΓöÇΓöÇΓöÇΓöÇΓöÇΓöÇ

    Error Context: test-results\21-core-stability-7-Part-1-b6f20-deeplinks-to-wallet-history-chromium\error-context.md

    attachment #4: trace (application/zip) ΓöÇΓöÇΓöÇΓöÇΓöÇΓöÇΓöÇΓöÇΓöÇΓöÇΓöÇΓöÇΓöÇΓöÇΓöÇΓöÇΓöÇΓöÇΓöÇΓöÇΓöÇΓöÇΓöÇΓöÇΓöÇΓöÇΓöÇΓöÇΓöÇΓöÇΓöÇΓöÇΓöÇΓöÇΓöÇΓöÇΓöÇΓöÇΓöÇΓöÇΓöÇΓöÇΓöÇΓöÇΓöÇΓöÇΓöÇΓöÇΓöÇΓöÇΓöÇΓöÇΓöÇΓöÇΓöÇΓöÇΓöÇ
    test-results\21-core-stability-7-Part-1-b6f20-deeplinks-to-wallet-history-chromium\trace.zip
    Usage:

        npx playwright show-trace test-results\21-core-stability-7-Part-1-b6f20-deeplinks-to-wallet-history-chromium\trace.zip

    ΓöÇΓöÇΓöÇΓöÇΓöÇΓöÇΓöÇΓöÇΓöÇΓöÇΓöÇΓöÇΓöÇΓöÇΓöÇΓöÇΓöÇΓöÇΓöÇΓöÇΓöÇΓöÇΓöÇΓöÇΓöÇΓöÇΓöÇΓöÇΓöÇΓöÇΓöÇΓöÇΓöÇΓöÇΓöÇΓöÇΓöÇΓöÇΓöÇΓöÇΓöÇΓöÇΓöÇΓöÇΓöÇΓöÇΓöÇΓöÇΓöÇΓöÇΓöÇΓöÇΓöÇΓöÇΓöÇΓöÇΓöÇΓöÇΓöÇΓöÇΓöÇΓöÇΓöÇΓöÇΓöÇΓöÇΓöÇΓöÇΓöÇΓöÇΓöÇΓöÇΓöÇΓöÇΓöÇΓöÇΓöÇΓöÇΓöÇΓöÇΓöÇΓöÇΓöÇΓöÇΓöÇΓöÇΓöÇΓöÇΓöÇΓöÇΓöÇΓöÇΓöÇΓöÇΓöÇΓöÇ


[1A[2K  1 failed
    [chromium] ΓÇ║ e2e\21-core-stability-7.spec.ts:26:7 ΓÇ║ Part 1: wallet top-up notification + deeplink ΓÇ║ worker top-up creates a notification that deeplinks to wallet history 
