
Running 3 tests using 3 workers

[1A[2K[1/3] [chromium] ΓÇ║ e2e\22-core-stability-8.spec.ts:43:7 ΓÇ║ Part 1: draft save / restore / delete ΓÇ║ "L╞░u nh├íp" saves a draft (not a published shift); restore repopulates; delete removes
[1A[2K[2/3] [chromium] ΓÇ║ e2e\22-core-stability-8.spec.ts:146:7 ΓÇ║ Part 2: required on-site contact blocks publish ΓÇ║ missing contact person/phone blocks the deposit step with a clear error
[1A[2K[3/3] [chromium] ΓÇ║ e2e\22-core-stability-8.spec.ts:97:7 ΓÇ║ Part 1: draft save / restore / delete ΓÇ║ worker job list never shows a draft
[1A[2K  1) [chromium] ΓÇ║ e2e\22-core-stability-8.spec.ts:146:7 ΓÇ║ Part 2: required on-site contact blocks publish ΓÇ║ missing contact person/phone blocks the deposit step with a clear error 

    Error: [2mexpect([22m[31mlocator[39m[2m).[22mtoBeVisible[2m([22m[2m)[22m failed

    Locator: getByText('Vui l├▓ng nhß║¡p ng╞░ß╗¥i phß╗Ñ tr├ích tß║íi chß╗ù.')
    Expected: visible
    Timeout: 7500ms
    Error: element(s) not found

    Call log:
    [2m  - Expect "toBeVisible" with timeout 7500ms[22m
    [2m  - waiting for getByText('Vui l├▓ng nhß║¡p ng╞░ß╗¥i phß╗Ñ tr├ích tß║íi chß╗ù.')[22m


      171 |     await expect(
      172 |       page.getByText('Vui l├▓ng nhß║¡p ng╞░ß╗¥i phß╗Ñ tr├ích tß║íi chß╗ù.'),
    > 173 |     ).toBeVisible();
          |       ^
      174 |     await expect(
      175 |       page.getByRole('button', { name: 'X├íc nhß║¡n ─æ├ú thanh to├ín' }),
      176 |     ).toHaveCount(0);
        at D:\Web - App Ca Le\Web\e2e\22-core-stability-8.spec.ts:173:7

    attachment #1: screenshot (image/png) ΓöÇΓöÇΓöÇΓöÇΓöÇΓöÇΓöÇΓöÇΓöÇΓöÇΓöÇΓöÇΓöÇΓöÇΓöÇΓöÇΓöÇΓöÇΓöÇΓöÇΓöÇΓöÇΓöÇΓöÇΓöÇΓöÇΓöÇΓöÇΓöÇΓöÇΓöÇΓöÇΓöÇΓöÇΓöÇΓöÇΓöÇΓöÇΓöÇΓöÇΓöÇΓöÇΓöÇΓöÇΓöÇΓöÇΓöÇΓöÇΓöÇΓöÇΓöÇΓöÇΓöÇΓöÇΓöÇΓöÇΓöÇΓöÇ
    test-results\22-core-stability-8-Part-2-665f7-sit-step-with-a-clear-error-chromium\test-failed-1.png
    ΓöÇΓöÇΓöÇΓöÇΓöÇΓöÇΓöÇΓöÇΓöÇΓöÇΓöÇΓöÇΓöÇΓöÇΓöÇΓöÇΓöÇΓöÇΓöÇΓöÇΓöÇΓöÇΓöÇΓöÇΓöÇΓöÇΓöÇΓöÇΓöÇΓöÇΓöÇΓöÇΓöÇΓöÇΓöÇΓöÇΓöÇΓöÇΓöÇΓöÇΓöÇΓöÇΓöÇΓöÇΓöÇΓöÇΓöÇΓöÇΓöÇΓöÇΓöÇΓöÇΓöÇΓöÇΓöÇΓöÇΓöÇΓöÇΓöÇΓöÇΓöÇΓöÇΓöÇΓöÇΓöÇΓöÇΓöÇΓöÇΓöÇΓöÇΓöÇΓöÇΓöÇΓöÇΓöÇΓöÇΓöÇΓöÇΓöÇΓöÇΓöÇΓöÇΓöÇΓöÇΓöÇΓöÇΓöÇΓöÇΓöÇΓöÇΓöÇΓöÇΓöÇΓöÇΓöÇΓöÇ

    attachment #2: video (video/webm) ΓöÇΓöÇΓöÇΓöÇΓöÇΓöÇΓöÇΓöÇΓöÇΓöÇΓöÇΓöÇΓöÇΓöÇΓöÇΓöÇΓöÇΓöÇΓöÇΓöÇΓöÇΓöÇΓöÇΓöÇΓöÇΓöÇΓöÇΓöÇΓöÇΓöÇΓöÇΓöÇΓöÇΓöÇΓöÇΓöÇΓöÇΓöÇΓöÇΓöÇΓöÇΓöÇΓöÇΓöÇΓöÇΓöÇΓöÇΓöÇΓöÇΓöÇΓöÇΓöÇΓöÇΓöÇΓöÇΓöÇΓöÇΓöÇΓöÇΓöÇΓöÇΓöÇ
    test-results\22-core-stability-8-Part-2-665f7-sit-step-with-a-clear-error-chromium\video.webm
    ΓöÇΓöÇΓöÇΓöÇΓöÇΓöÇΓöÇΓöÇΓöÇΓöÇΓöÇΓöÇΓöÇΓöÇΓöÇΓöÇΓöÇΓöÇΓöÇΓöÇΓöÇΓöÇΓöÇΓöÇΓöÇΓöÇΓöÇΓöÇΓöÇΓöÇΓöÇΓöÇΓöÇΓöÇΓöÇΓöÇΓöÇΓöÇΓöÇΓöÇΓöÇΓöÇΓöÇΓöÇΓöÇΓöÇΓöÇΓöÇΓöÇΓöÇΓöÇΓöÇΓöÇΓöÇΓöÇΓöÇΓöÇΓöÇΓöÇΓöÇΓöÇΓöÇΓöÇΓöÇΓöÇΓöÇΓöÇΓöÇΓöÇΓöÇΓöÇΓöÇΓöÇΓöÇΓöÇΓöÇΓöÇΓöÇΓöÇΓöÇΓöÇΓöÇΓöÇΓöÇΓöÇΓöÇΓöÇΓöÇΓöÇΓöÇΓöÇΓöÇΓöÇΓöÇΓöÇΓöÇ

    Error Context: test-results\22-core-stability-8-Part-2-665f7-sit-step-with-a-clear-error-chromium\error-context.md

    attachment #4: trace (application/zip) ΓöÇΓöÇΓöÇΓöÇΓöÇΓöÇΓöÇΓöÇΓöÇΓöÇΓöÇΓöÇΓöÇΓöÇΓöÇΓöÇΓöÇΓöÇΓöÇΓöÇΓöÇΓöÇΓöÇΓöÇΓöÇΓöÇΓöÇΓöÇΓöÇΓöÇΓöÇΓöÇΓöÇΓöÇΓöÇΓöÇΓöÇΓöÇΓöÇΓöÇΓöÇΓöÇΓöÇΓöÇΓöÇΓöÇΓöÇΓöÇΓöÇΓöÇΓöÇΓöÇΓöÇΓöÇΓöÇΓöÇΓöÇ
    test-results\22-core-stability-8-Part-2-665f7-sit-step-with-a-clear-error-chromium\trace.zip
    Usage:

        npx playwright show-trace test-results\22-core-stability-8-Part-2-665f7-sit-step-with-a-clear-error-chromium\trace.zip

    ΓöÇΓöÇΓöÇΓöÇΓöÇΓöÇΓöÇΓöÇΓöÇΓöÇΓöÇΓöÇΓöÇΓöÇΓöÇΓöÇΓöÇΓöÇΓöÇΓöÇΓöÇΓöÇΓöÇΓöÇΓöÇΓöÇΓöÇΓöÇΓöÇΓöÇΓöÇΓöÇΓöÇΓöÇΓöÇΓöÇΓöÇΓöÇΓöÇΓöÇΓöÇΓöÇΓöÇΓöÇΓöÇΓöÇΓöÇΓöÇΓöÇΓöÇΓöÇΓöÇΓöÇΓöÇΓöÇΓöÇΓöÇΓöÇΓöÇΓöÇΓöÇΓöÇΓöÇΓöÇΓöÇΓöÇΓöÇΓöÇΓöÇΓöÇΓöÇΓöÇΓöÇΓöÇΓöÇΓöÇΓöÇΓöÇΓöÇΓöÇΓöÇΓöÇΓöÇΓöÇΓöÇΓöÇΓöÇΓöÇΓöÇΓöÇΓöÇΓöÇΓöÇΓöÇΓöÇΓöÇ


[1A[2K  1 failed
    [chromium] ΓÇ║ e2e\22-core-stability-8.spec.ts:146:7 ΓÇ║ Part 2: required on-site contact blocks publish ΓÇ║ missing contact person/phone blocks the deposit step with a clear error 
  2 passed (12.0s)
