
Running 83 tests using 8 workers

[1A[2K[1/83] [chromium] ΓÇ║ e2e\03-checkin-window.spec.ts:55:7 ΓÇ║ Flow 3: worker check-in window ΓÇ║ too early (>15 min before start) ΓÇö check-in is blocked
[1A[2K[2/83] [chromium] ΓÇ║ e2e\01-apply-approve.spec.ts:63:7 ΓÇ║ Flow 2: employer approves, worker sees approved ΓÇ║ employer approves a pending applicant and the worker sees Approved
[1A[2K[3/83] [chromium] ΓÇ║ e2e\03-checkin-window.spec.ts:76:7 ΓÇ║ Flow 3: worker check-in window ΓÇ║ within 15 min before start ΓÇö check-in is allowed and succeeds
[1A[2K[4/83] [chromium] ΓÇ║ e2e\03-checkin-window.spec.ts:101:7 ΓÇ║ Flow 3: worker check-in window ΓÇ║ later than 5 min after start ΓÇö check-in is blocked
[1A[2K[5/83] [chromium] ΓÇ║ e2e\04-attendance.spec.ts:26:7 ΓÇ║ Flow 4: check-in + employer mark-present + mismatch ΓÇ║ worker checked in (employer not yet) ΓÇö employer sees mark-present and a mismatch warning
[1A[2K[6/83] [chromium] ΓÇ║ e2e\01-apply-approve.spec.ts:21:7 ΓÇ║ Flow 1: worker applies, employer sees pending ΓÇ║ worker applies from shift detail and employer sees a pending applicant
[1A[2K[7/83] [chromium] ΓÇ║ e2e\04-attendance.spec.ts:69:7 ΓÇ║ Flow 4: check-in + employer mark-present + mismatch ΓÇ║ employer marks present ΓÇö mismatch warning clears
[1A[2K[8/83] [chromium] ΓÇ║ e2e\05-checkout-confirm.spec.ts:46:7 ΓÇ║ Flow 5: employer sees checkout note + evidence ΓÇ║ confirmation panel shows the worker note and evidence filename
[1A[2K[9/83] [chromium] ΓÇ║ e2e\05-checkout-confirm.spec.ts:67:7 ΓÇ║ Flow 6: employer confirms, worker wallet + rating ΓÇ║ confirm completion credits the worker wallet and prompts a rating
[1A[2K[10/83] [chromium] ΓÇ║ e2e\07-disputes.spec.ts:29:7 ΓÇ║ Flow 7: worker files an absent dispute ΓÇ║ NoShow worker sees the absent banner and can file an AbsentDispute
[1A[2K[11/83] [chromium] ΓÇ║ e2e\07-disputes.spec.ts:77:7 ΓÇ║ Flow 8: employer dispute, worker responds, employer sees response ΓÇ║ worker responds to an employer-initiated dispute and the employer sees it
[1A[2K[12/83] [chromium] ΓÇ║ e2e\09-repost.spec.ts:12:7 ΓÇ║ Flow 9: repost opens prefilled editable form ΓÇ║ repost navigates to a prefilled new-shift form without auto-publishing
[1A[2K[13/83] [chromium] ΓÇ║ e2e\10-schedule-overlap.spec.ts:38:7 ΓÇ║ Flow 10: schedule overlap ΓÇ║ adjacent shift (12:40ΓÇô12:45 vs 13:40ΓÇô13:45) does NOT block
[1A[2K[14/83] [chromium] ΓÇ║ e2e\10-schedule-overlap.spec.ts:70:7 ΓÇ║ Flow 10: schedule overlap ΓÇ║ overlapping shift (12:40ΓÇô13:45 vs 13:40ΓÇô13:45) DOES block
[1A[2K[15/83] [chromium] ΓÇ║ e2e\11-already-applied.spec.ts:12:7 ΓÇ║ Flow 11: worker job list reflects already-applied ΓÇ║ a shift the worker already applied to shows "─É├ú ß╗⌐ng tuyß╗ân"
[1A[2K[16/83] [chromium] ΓÇ║ e2e\12-timeline.spec.ts:17:7 ΓÇ║ Flow 12: timeline logs with seconds and no duplicates ΓÇ║ approve emits a timestamped timeline entry that survives refresh without duplicating
[1A[2K[17/83] [chromium] ΓÇ║ e2e\13-dispute-invariant.spec.ts:54:7 ΓÇ║ H1: open dispute forces Disputed + hides confirm ΓÇ║ employer detail shows the dispute bucket, not a confirm-and-pay panel
[1A[2K[18/83] [chromium] ΓÇ║ e2e\13-dispute-invariant.spec.ts:84:7 ΓÇ║ H2: admin resolves dispute, stale state clears ΓÇ║ after release, employer no longer shows ─Éang khiß║┐u nß║íi and app is Confirmed
[1A[2K[19/83] [chromium] ΓÇ║ e2e\14-status-wallet-admin.spec.ts:15:5 ΓÇ║ H3: worker approved upcoming card has no "─Éang tuyß╗ân" primary status
[1A[2K[20/83] [chromium] ΓÇ║ e2e\14-status-wallet-admin.spec.ts:53:5 ΓÇ║ H4: expired shift no longer shows live "─É├ính dß║Ñu vß║»ng mß║╖t"
[1A[2K[21/83] [chromium] ΓÇ║ e2e\14-status-wallet-admin.spec.ts:87:5 ΓÇ║ H5: employer detail header shows the phase chip once, no duplicate terminal badge
[1A[2K[22/83] [chromium] ΓÇ║ e2e\14-status-wallet-admin.spec.ts:117:5 ΓÇ║ H8/H9: worker wallet reflects historical payouts and top-up adds a ledger entry
[1A[2K[23/83] [chromium] ΓÇ║ e2e\14-status-wallet-admin.spec.ts:158:5 ΓÇ║ H10/H11: admin disputes tab shows a badge and expandable detail
[1A[2K[24/83] [chromium] ΓÇ║ e2e\15-past-shift.spec.ts:39:7 ΓÇ║ Phase 1: past-shift posting is blocked ΓÇ║ past date is rejected with the Vietnamese error
[1A[2K[25/83] [chromium] ΓÇ║ e2e\15-past-shift.spec.ts:62:7 ΓÇ║ Phase 1: past-shift posting is blocked ΓÇ║ today with an end time already passed is rejected
[1A[2K[26/83] [chromium] ΓÇ║ e2e\15-past-shift.spec.ts:85:7 ΓÇ║ Phase 1: past-shift posting is blocked ΓÇ║ a future shift is accepted (advances past the form to deposit)
[1A[2K[27/83] [chromium] ΓÇ║ e2e\16-wallet-topup-navbar.spec.ts:11:7 ΓÇ║ Phase 4: custom wallet top-up ΓÇ║ top up an exact custom amount (123.000─æ) and see it in the ledger
[1A[2K[28/83] [chromium] ΓÇ║ e2e\16-wallet-topup-navbar.spec.ts:37:7 ΓÇ║ Phase 4: custom wallet top-up ΓÇ║ invalid top-up amounts are blocked
[1A[2K[29/83] [chromium] ΓÇ║ e2e\16-wallet-topup-navbar.spec.ts:66:7 ΓÇ║ Phase 4: custom wallet top-up ΓÇ║ employer can also custom top-up
[1A[2K[30/83] [chromium] ΓÇ║ e2e\16-wallet-topup-navbar.spec.ts:86:9 ΓÇ║ Phase 5: navbar layout ΓÇ║ employer nav has no horizontal overflow at 1440px
[1A[2K[31/83] [chromium] ΓÇ║ e2e\16-wallet-topup-navbar.spec.ts:86:9 ΓÇ║ Phase 5: navbar layout ΓÇ║ employer nav has no horizontal overflow at 1024px
[1A[2K[32/83] [chromium] ΓÇ║ e2e\16-wallet-topup-navbar.spec.ts:109:7 ΓÇ║ Phase 5: navbar layout ΓÇ║ admin nav accessible with no overflow at 1440px
[1A[2K[33/83] [chromium] ΓÇ║ e2e\17-access-control.spec.ts:35:9 ΓÇ║ Phase 6B: unauthenticated cannot reach protected routes ΓÇ║ guest visiting /worker/dashboard is redirected to /login
[1A[2K[34/83] [chromium] ΓÇ║ e2e\17-access-control.spec.ts:35:9 ΓÇ║ Phase 6B: unauthenticated cannot reach protected routes ΓÇ║ guest visiting /worker/profile is redirected to /login
[1A[2K[35/83] [chromium] ΓÇ║ e2e\17-access-control.spec.ts:35:9 ΓÇ║ Phase 6B: unauthenticated cannot reach protected routes ΓÇ║ guest visiting /worker/schedule is redirected to /login
[1A[2K[36/83] [chromium] ΓÇ║ e2e\17-access-control.spec.ts:35:9 ΓÇ║ Phase 6B: unauthenticated cannot reach protected routes ΓÇ║ guest visiting /employer/dashboard is redirected to /login
[1A[2K[37/83] [chromium] ΓÇ║ e2e\17-access-control.spec.ts:35:9 ΓÇ║ Phase 6B: unauthenticated cannot reach protected routes ΓÇ║ guest visiting /employer/profile is redirected to /login
[1A[2K[38/83] [chromium] ΓÇ║ e2e\17-access-control.spec.ts:35:9 ΓÇ║ Phase 6B: unauthenticated cannot reach protected routes ΓÇ║ guest visiting /employer/shifts/new is redirected to /login
[1A[2K[39/83] [chromium] ΓÇ║ e2e\17-access-control.spec.ts:35:9 ΓÇ║ Phase 6B: unauthenticated cannot reach protected routes ΓÇ║ guest visiting /employer/schedule is redirected to /login
[1A[2K[40/83] [chromium] ΓÇ║ e2e\17-access-control.spec.ts:35:9 ΓÇ║ Phase 6B: unauthenticated cannot reach protected routes ΓÇ║ guest visiting /admin/dashboard is redirected to /login
[1A[2K[41/83] [chromium] ΓÇ║ e2e\17-access-control.spec.ts:51:7 ΓÇ║ Phase 6B: wrong-role users are bounced to their own dashboard ΓÇ║ worker visiting an employer route lands on the worker dashboard
[1A[2K[42/83] [chromium] ΓÇ║ e2e\17-access-control.spec.ts:66:7 ΓÇ║ Phase 6B: wrong-role users are bounced to their own dashboard ΓÇ║ worker visiting the admin dashboard is bounced to the worker dashboard
[1A[2K[43/83] [chromium] ΓÇ║ e2e\17-access-control.spec.ts:79:7 ΓÇ║ Phase 6B: wrong-role users are bounced to their own dashboard ΓÇ║ employer visiting a worker route lands on the employer dashboard
[1A[2K[44/83] [chromium] ΓÇ║ e2e\17-access-control.spec.ts:92:7 ΓÇ║ Phase 6B: wrong-role users are bounced to their own dashboard ΓÇ║ employer visiting the admin dashboard is bounced to the employer dashboard
[1A[2K[45/83] [chromium] ΓÇ║ e2e\17-access-control.spec.ts:105:7 ΓÇ║ Phase 6B: wrong-role users are bounced to their own dashboard ΓÇ║ admin visiting a worker route is bounced to the admin dashboard
[1A[2K[46/83] [chromium] ΓÇ║ e2e\17-access-control.spec.ts:120:7 ΓÇ║ Phase 6B: cross-tenant employer isolation ΓÇ║ employer A cannot view/manage employer B's shift (404 not-found guard)
[1A[2K[47/83] [chromium] ΓÇ║ e2e\18-header-nav-centering.spec.ts:135:9 ΓÇ║ HEADER-NAV-LAYOUT-3: desktop/laptop shows horizontal nav, no overlap ΓÇ║ employer (long name) desktop nav @3840x2160
[1A[2K[48/83] [chromium] ΓÇ║ e2e\18-header-nav-centering.spec.ts:113:9 ΓÇ║ HEADER-NAV-LAYOUT-3: desktop/laptop shows horizontal nav, no overlap ΓÇ║ worker desktop nav @3840x2160
[1A[2K[49/83] [chromium] ΓÇ║ e2e\18-header-nav-centering.spec.ts:183:9 ΓÇ║ HEADER-NAV-LAYOUT-3: desktop/laptop shows horizontal nav, no overlap ΓÇ║ admin desktop nav @3840x2160
[1A[2K[50/83] [chromium] ΓÇ║ e2e\18-header-nav-centering.spec.ts:113:9 ΓÇ║ HEADER-NAV-LAYOUT-3: desktop/laptop shows horizontal nav, no overlap ΓÇ║ worker desktop nav @2560x1440
[1A[2K[51/83] [chromium] ΓÇ║ e2e\18-header-nav-centering.spec.ts:135:9 ΓÇ║ HEADER-NAV-LAYOUT-3: desktop/laptop shows horizontal nav, no overlap ΓÇ║ employer (long name) desktop nav @2560x1440
[1A[2K[52/83] [chromium] ΓÇ║ e2e\18-header-nav-centering.spec.ts:183:9 ΓÇ║ HEADER-NAV-LAYOUT-3: desktop/laptop shows horizontal nav, no overlap ΓÇ║ admin desktop nav @2560x1440
[1A[2K[53/83] [chromium] ΓÇ║ e2e\18-header-nav-centering.spec.ts:113:9 ΓÇ║ HEADER-NAV-LAYOUT-3: desktop/laptop shows horizontal nav, no overlap ΓÇ║ worker desktop nav @1920x1080
[1A[2K[54/83] [chromium] ΓÇ║ e2e\18-header-nav-centering.spec.ts:135:9 ΓÇ║ HEADER-NAV-LAYOUT-3: desktop/laptop shows horizontal nav, no overlap ΓÇ║ employer (long name) desktop nav @1920x1080
[1A[2K[55/83] [chromium] ΓÇ║ e2e\18-header-nav-centering.spec.ts:183:9 ΓÇ║ HEADER-NAV-LAYOUT-3: desktop/laptop shows horizontal nav, no overlap ΓÇ║ admin desktop nav @1920x1080
[1A[2K[56/83] [chromium] ΓÇ║ e2e\18-header-nav-centering.spec.ts:113:9 ΓÇ║ HEADER-NAV-LAYOUT-3: desktop/laptop shows horizontal nav, no overlap ΓÇ║ worker desktop nav @1680x1050
[1A[2K[57/83] [chromium] ΓÇ║ e2e\18-header-nav-centering.spec.ts:135:9 ΓÇ║ HEADER-NAV-LAYOUT-3: desktop/laptop shows horizontal nav, no overlap ΓÇ║ employer (long name) desktop nav @1680x1050
[1A[2K[58/83] [chromium] ΓÇ║ e2e\18-header-nav-centering.spec.ts:183:9 ΓÇ║ HEADER-NAV-LAYOUT-3: desktop/laptop shows horizontal nav, no overlap ΓÇ║ admin desktop nav @1680x1050
[1A[2K[59/83] [chromium] ΓÇ║ e2e\18-header-nav-centering.spec.ts:113:9 ΓÇ║ HEADER-NAV-LAYOUT-3: desktop/laptop shows horizontal nav, no overlap ΓÇ║ worker desktop nav @1600x900
[1A[2K[60/83] [chromium] ΓÇ║ e2e\18-header-nav-centering.spec.ts:135:9 ΓÇ║ HEADER-NAV-LAYOUT-3: desktop/laptop shows horizontal nav, no overlap ΓÇ║ employer (long name) desktop nav @1600x900
[1A[2K[61/83] [chromium] ΓÇ║ e2e\18-header-nav-centering.spec.ts:183:9 ΓÇ║ HEADER-NAV-LAYOUT-3: desktop/laptop shows horizontal nav, no overlap ΓÇ║ admin desktop nav @1600x900
[1A[2K[62/83] [chromium] ΓÇ║ e2e\18-header-nav-centering.spec.ts:113:9 ΓÇ║ HEADER-NAV-LAYOUT-3: desktop/laptop shows horizontal nav, no overlap ΓÇ║ worker desktop nav @1536x864
[1A[2K[63/83] [chromium] ΓÇ║ e2e\18-header-nav-centering.spec.ts:135:9 ΓÇ║ HEADER-NAV-LAYOUT-3: desktop/laptop shows horizontal nav, no overlap ΓÇ║ employer (long name) desktop nav @1536x864
[1A[2K[64/83] [chromium] ΓÇ║ e2e\18-header-nav-centering.spec.ts:183:9 ΓÇ║ HEADER-NAV-LAYOUT-3: desktop/laptop shows horizontal nav, no overlap ΓÇ║ admin desktop nav @1536x864
[1A[2K[65/83] [chromium] ΓÇ║ e2e\18-header-nav-centering.spec.ts:113:9 ΓÇ║ HEADER-NAV-LAYOUT-3: desktop/laptop shows horizontal nav, no overlap ΓÇ║ worker desktop nav @1440x900
[1A[2K[66/83] [chromium] ΓÇ║ e2e\18-header-nav-centering.spec.ts:135:9 ΓÇ║ HEADER-NAV-LAYOUT-3: desktop/laptop shows horizontal nav, no overlap ΓÇ║ employer (long name) desktop nav @1440x900
[1A[2K[67/83] [chromium] ΓÇ║ e2e\18-header-nav-centering.spec.ts:183:9 ΓÇ║ HEADER-NAV-LAYOUT-3: desktop/laptop shows horizontal nav, no overlap ΓÇ║ admin desktop nav @1440x900
[1A[2K[68/83] [chromium] ΓÇ║ e2e\18-header-nav-centering.spec.ts:113:9 ΓÇ║ HEADER-NAV-LAYOUT-3: desktop/laptop shows horizontal nav, no overlap ΓÇ║ worker desktop nav @1366x768
[1A[2K[69/83] [chromium] ΓÇ║ e2e\18-header-nav-centering.spec.ts:135:9 ΓÇ║ HEADER-NAV-LAYOUT-3: desktop/laptop shows horizontal nav, no overlap ΓÇ║ employer (long name) desktop nav @1366x768
[1A[2K[70/83] [chromium] ΓÇ║ e2e\18-header-nav-centering.spec.ts:183:9 ΓÇ║ HEADER-NAV-LAYOUT-3: desktop/laptop shows horizontal nav, no overlap ΓÇ║ admin desktop nav @1366x768
[1A[2K[71/83] [chromium] ΓÇ║ e2e\18-header-nav-centering.spec.ts:113:9 ΓÇ║ HEADER-NAV-LAYOUT-3: desktop/laptop shows horizontal nav, no overlap ΓÇ║ worker desktop nav @1280x800
[1A[2K[72/83] [chromium] ΓÇ║ e2e\18-header-nav-centering.spec.ts:135:9 ΓÇ║ HEADER-NAV-LAYOUT-3: desktop/laptop shows horizontal nav, no overlap ΓÇ║ employer (long name) desktop nav @1280x800
[1A[2K[73/83] [chromium] ΓÇ║ e2e\18-header-nav-centering.spec.ts:183:9 ΓÇ║ HEADER-NAV-LAYOUT-3: desktop/laptop shows horizontal nav, no overlap ΓÇ║ admin desktop nav @1280x800
[1A[2K[74/83] [chromium] ΓÇ║ e2e\18-header-nav-centering.spec.ts:113:9 ΓÇ║ HEADER-NAV-LAYOUT-3: desktop/laptop shows horizontal nav, no overlap ΓÇ║ worker desktop nav @1280x720
[1A[2K[75/83] [chromium] ΓÇ║ e2e\18-header-nav-centering.spec.ts:135:9 ΓÇ║ HEADER-NAV-LAYOUT-3: desktop/laptop shows horizontal nav, no overlap ΓÇ║ employer (long name) desktop nav @1280x720
[1A[2K[76/83] [chromium] ΓÇ║ e2e\18-header-nav-centering.spec.ts:183:9 ΓÇ║ HEADER-NAV-LAYOUT-3: desktop/laptop shows horizontal nav, no overlap ΓÇ║ admin desktop nav @1280x720
[1A[2K[77/83] [chromium] ΓÇ║ e2e\18-header-nav-centering.spec.ts:210:9 ΓÇ║ HEADER-NAV-LAYOUT-3: tablet shows hamburger, no overflow ΓÇ║ employer tablet header @1024x768
[1A[2K[78/83] [chromium] ΓÇ║ e2e\18-header-nav-centering.spec.ts:210:9 ΓÇ║ HEADER-NAV-LAYOUT-3: tablet shows hamburger, no overflow ΓÇ║ employer tablet header @768x1024
[1A[2K[79/83] [chromium] ΓÇ║ e2e\18-header-nav-centering.spec.ts:210:9 ΓÇ║ HEADER-NAV-LAYOUT-3: tablet shows hamburger, no overflow ΓÇ║ employer tablet header @820x1180
[1A[2K[80/83] [chromium] ΓÇ║ e2e\18-header-nav-centering.spec.ts:210:9 ΓÇ║ HEADER-NAV-LAYOUT-3: tablet shows hamburger, no overflow ΓÇ║ employer tablet header @1024x1366
[1A[2K[81/83] [chromium] ΓÇ║ e2e\18-header-nav-centering.spec.ts:210:9 ΓÇ║ HEADER-NAV-LAYOUT-3: tablet shows hamburger, no overflow ΓÇ║ employer tablet header @800x1280
[1A[2K[82/83] [chromium] ΓÇ║ e2e\smoke.spec.ts:11:7 ΓÇ║ QA-Automation-1 smoke ΓÇ║ seeded employer session lands on the employer dashboard
[1A[2K[83/83] [chromium] ΓÇ║ e2e\smoke.spec.ts:31:7 ΓÇ║ QA-Automation-1 smoke ΓÇ║ seeded worker can open the public shift list
[1A[2K  83 passed (34.0s)
