worker landed URL: http://localhost:3000/worker/dashboard
worker dashboard horizontal overflow (px): 0
worker dashboard free of raw i18n keys: true
shift list shows an already-applied chip (─É├ú ß╗⌐ng tuyß╗ân): false
employer landed URL: http://localhost:3000/employer/dashboard
employer dashboard horizontal overflow (px): 0
employer-001 shift count: 7
shift shift-001 (Expired) live attendance buttons: absent=0 present=0
shift shift-001 has "T├¼nh trß║íng ─æ╞ín" parent heading: true
shift shift-002 (Expired) live attendance buttons: absent=0 present=0
shift shift-002 has "T├¼nh trß║íng ─æ╞ín" parent heading: true
shift shift-007 (Completed) live attendance buttons: absent=0 present=0
shift shift-007 has "T├¼nh trß║íng ─æ╞ín" parent heading: true
shift shift-009 (Cancelled) live attendance buttons: absent=0 present=0
shift shift-009 has "T├¼nh trß║íng ─æ╞ín" parent heading: true
shift shift-010 (Completed) live attendance buttons: absent=0 present=0
shift shift-010 has "T├¼nh trß║íng ─æ╞ín" parent heading: true
shift shift-012 (Completed) live attendance buttons: absent=0 present=0
shift shift-012 has "T├¼nh trß║íng ─æ╞ín" parent heading: true
new-shift page reachable: true
admin disputes free of raw i18n keys: true
admin dashboard horizontal overflow (px): 0
admin dispute expandable cards: 2

DONE. 0 candidate bug(s). Observations: 23
